// Jest Snapshot v1, https://goo.gl/fbAQLP

exports[`<Order/> renders 1`] = `
Array [
  <OrderItemStyles
    data-test="order"
  >
    <li
      className="OrderItemStyles-fbwo89-0 jkaGkx"
      data-test="order"
    >
      <SideEffect(Head)>
        <Head />
      </SideEffect(Head)>
      <p>
        <span>
          Order ID: 
        </span>
        <span>
          ord123
        </span>
      </p>
      <p>
        <span>
          Charge: 
        </span>
        <span>
          ch_123
        </span>
      </p>
      <p>
        <span>
          Date: 
        </span>
        <span>
          March 31, 2018 6:00
        </span>
      </p>
      <p>
        <span>
          Order total: 
        </span>
        <span>
          $400
        </span>
      </p>
      <p>
        <span>
          Item count: 
        </span>
        <span>
          2
        </span>
      </p>
      <div
        className="items"
      >
        <div
          className="order-item"
          key="3a430a73-c9e9-4bcc-b46a-41618965ffea"
        >
          <img
            alt="soluta non omnis consequatur enim quia autem"
            src="reprehenderit.jpg"
          />
          <div
            className="item-details"
          >
            <h2>
              soluta non omnis consequatur enim quia autem
            </h2>
            <p>
              Description: 
              et modi tenetur amet modi reprehenderit omnis
            </p>
            <p>
              Qty: 
              1
            </p>
            <p>
              Each: 
              $42.34
            </p>
            <p>
              Subtotal: 
              $42.34
            </p>
          </div>
        </div>
        <div
          className="order-item"
          key="2393e090-592f-4d03-b808-c9d81098deec"
        >
          <img
            alt="quia sed exercitationem omnis laborum exercitationem est"
            src="sint.jpg"
          />
          <div
            className="item-details"
          >
            <h2>
              quia sed exercitationem omnis laborum exercitationem est
            </h2>
            <p>
              Description: 
              sapiente laudantium molestias assumenda quasi adipisci mollitia
            </p>
            <p>
              Qty: 
              1
            </p>
            <p>
              Each: 
              $42.34
            </p>
            <p>
              Subtotal: 
              $42.34
            </p>
          </div>
        </div>
      </div>
    </li>
  </OrderItemStyles>,
  <li
    className="OrderItemStyles-fbwo89-0 jkaGkx"
    data-test="order"
  >
    <SideEffect(Head)>
      <Head />
    </SideEffect(Head)>
    <p>
      <span>
        Order ID: 
      </span>
      <span>
        ord123
      </span>
    </p>
    <p>
      <span>
        Charge: 
      </span>
      <span>
        ch_123
      </span>
    </p>
    <p>
      <span>
        Date: 
      </span>
      <span>
        March 31, 2018 6:00
      </span>
    </p>
    <p>
      <span>
        Order total: 
      </span>
      <span>
        $400
      </span>
    </p>
    <p>
      <span>
        Item count: 
      </span>
      <span>
        2
      </span>
    </p>
    <div
      className="items"
    >
      <div
        className="order-item"
        key="3a430a73-c9e9-4bcc-b46a-41618965ffea"
      >
        <img
          alt="soluta non omnis consequatur enim quia autem"
          src="reprehenderit.jpg"
        />
        <div
          className="item-details"
        >
          <h2>
            soluta non omnis consequatur enim quia autem
          </h2>
          <p>
            Description: 
            et modi tenetur amet modi reprehenderit omnis
          </p>
          <p>
            Qty: 
            1
          </p>
          <p>
            Each: 
            $42.34
          </p>
          <p>
            Subtotal: 
            $42.34
          </p>
        </div>
      </div>
      <div
        className="order-item"
        key="2393e090-592f-4d03-b808-c9d81098deec"
      >
        <img
          alt="quia sed exercitationem omnis laborum exercitationem est"
          src="sint.jpg"
        />
        <div
          className="item-details"
        >
          <h2>
            quia sed exercitationem omnis laborum exercitationem est
          </h2>
          <p>
            Description: 
            sapiente laudantium molestias assumenda quasi adipisci mollitia
          </p>
          <p>
            Qty: 
            1
          </p>
          <p>
            Each: 
            $42.34
          </p>
          <p>
            Subtotal: 
            $42.34
          </p>
        </div>
      </div>
    </div>
  </li>,
]
`;
